I'm sorry, but errors were detected in your script. Please correct the
errors listed below, and try again.


File "game/screens.rpy", line 101: 'style' is not a keyword argument or valid child of the screen statement.
    style "black_background"
         ^

Ren'Py Version: Ren'Py 8.3.4.24120703
Sun Dec 29 21:28:00 2024
